2026-08-22 15:49:09,081 - app.main - INFO - Starting AgentExam in development mode.
2026-08-22 15:54:29,526 - app.main - INFO - Starting AgentExam in development mode.
2026-08-22 15:54:38,400 - app.main - INFO - Shutting down AgentExam.
2026-08-22 15:54:39,687 - app.main - INFO - Starting AgentExam in development mode.
2026-08-22 15:55:43,080 - sqlalchemy.engine.Engine - INFO - select pg_catalog.version()
2026-08-22 15:55:43,080 - sqlalchemy.engine.Engine - INFO - [raw sql] ()
2026-08-22 15:55:43,082 - sqlalchemy.engine.Engine - INFO - select current_schema()
2026-08-22 15:55:43,083 - sqlalchemy.engine.Engine - INFO - [raw sql] ()
2026-08-22 15:55:43,088 - sqlalchemy.engine.Engine - INFO - show standard_conforming_strings
2026-08-22 15:55:43,088 - sqlalchemy.engine.Engine - INFO - [raw sql] ()
2026-08-22 15:55:43,090 - sqlalchemy.engine.Engine - INFO - BEGIN (implicit)
2026-08-22 15:55:43,093 - sqlalchemy.engine.Engine - INFO - SELECT "user".id, "user".name, "user".email, "user".password_hash, "user".role, "user".is_active, "user".created_at, "user".updated_at 
FROM "user" 
WHERE "user".id = $1::UUID
2026-08-22 15:55:43,093 - sqlalchemy.engine.Engine - INFO - [generated in 0.00021s] (UUID('20f6149d-72b4-438c-b394-1d5eaf00fc01'),)
2026-08-22 15:55:43,106 - sqlalchemy.engine.Engine - INFO - SELECT student.id AS student_id, "user".id AS user_id, "user".role AS user_role, student.enrollment_no AS student_enrollment_no, student.semester AS student_semester, student.department AS student_department 
FROM "user" JOIN student ON "user".id = student.id 
WHERE "user".id IN ($1::UUID) ORDER BY "user".id
2026-08-22 15:55:43,107 - sqlalchemy.engine.Engine - INFO - [generated in 0.00029s] (UUID('20f6149d-72b4-438c-b394-1d5eaf00fc01'),)
2026-08-22 15:55:43,111 - sqlalchemy.engine.Engine - INFO - SELECT study_material.id, study_material.subject_id, study_material.uploaded_by, study_material.material_type, study_material.title, study_material.file_name, study_material.file_type, study_material.mime_type, study_material.file_size, study_material.storage_key, study_material.processing_status, study_material.processed_at, study_material.processing_error, study_material.created_at, study_material.updated_at 
FROM study_material 
WHERE study_material.material_type = $1::VARCHAR AND study_material.uploaded_by = $2::UUID 
 LIMIT $3::INTEGER OFFSET $4::INTEGER
2026-08-22 15:55:43,111 - sqlalchemy.engine.Engine - INFO - [generated in 0.00022s] (<MaterialType.PYQ: 'PYQ'>, UUID('20f6149d-72b4-438c-b394-1d5eaf00fc01'), 50, 0)
2026-08-22 15:55:43,113 - sqlalchemy.engine.Engine - INFO - ROLLBACK
